Script started on Thu Jul 25 16:03:19 2013
]0;dev@manish:~/rails_project/sample_app\[01;31mdev [01;37mmanish[01;34m sample_app >[00m exit[Krails generate migration add_salt_to_users salt:string
[1m[37m      invoke[0m  active_record
[1m[32m      create[0m    db/migrate/20130725111234_add_salt_to_users.rb
]0;dev@manish:~/rails_project/sample_app\[01;31mdev [01;37mmanish[01;34m sample_app >[00m aun[K[K[Kbundle exec rake db:migration[K[K[Ke
==  AddSaltToUsers: migrating =================================================
-- add_column(:users, :salt, :string)
   -> 0.0005s
==  AddSaltToUsers: migrated (0.0005s) ========================================

]0;dev@manish:~/rails_project/sample_app\[01;31mdev [01;37mmanish[01;34m sample_app >[00m rails c[H[J[01;31mdev [01;37mmanish[01;34m sample_app >[00m rails c
UserLoading development environment (Rails 3.2.11)
irb(main):001:0> User
  [1m[36m (2.1ms)[0m  [1mSELECT * FROM geometry_columns WHERE f_table_name='users'[0m
=> User(id: integer, name: string, email: string, created_at: datetime, updated_at: datetime, password_digest: string, salt: string)
irb(main):002:0> exit  
]0;dev@manish:~/rails_project/sample_app\[01;31mdev [01;37mmanish[01;34m sample_app >[00m rake:[K db:rollback
==  AddSaltToUsers: reverting =================================================
-- remove_column("users", :salt)
   -> 0.0013s
==  AddSaltToUsers: reverted (0.0014s) ========================================

]0;dev@manish:~/rails_project/sample_app\[01;31mdev [01;37mmanish[01;34m sample_app >[00m ls[K[Krails s
=> Booting WEBrick
=> Rails 3.2.11 application starting in development on http://0.0.0.0:3000
=> Call with -d to detach
=> Ctrl-C to shutdown server
A server is already running. Check /home/dev/rails_project/sample_app/tmp/pids/server.pid.
Exiting
]0;dev@manish:~/rails_project/sample_app\[01;31mdev [01;37mmanish[01;34m sample_app >[00m rails c
Loading development environment (Rails 3.2.11)
irb(main):001:0> user    User
  [1m[36m (2.1ms)[0m  [1mSELECT * FROM geometry_columns WHERE f_table_name='users'[0m
=> User(id: integer, name: string, email: string, created_at: datetime, updated_at: datetime, password_digest: string)
irb(main):002:0> exit
]0;dev@manish:~/rails_project/sample_app\[01;31mdev [01;37mmanish[01;34m sample_app >[00m generate authenticated user sessions
bash: generate: command not found
]0;dev@manish:~/rails_project/sample_app\[01;31mdev [01;37mmanish[01;34m sample_app >[00m generate authenticated user sessions[1P[1P[1P[1P[1P[1P[1P[1P[1@s[1@c[1@r[1@i[1@p[1@t
Script started, file is authenticated
]0;dev@manish:~/rails_project/sample_app\[01;31mdev [01;37mmanish[01;34m sample_app >[00m ls
Gemfile       README.rdoc  authenticated  [0m[01;34mdb[0m       [01;34mlib[0m     [01;34mscript[0m  [01;34mtmp[0m
Gemfile.lock  Rakefile     [01;34mconfig[0m         [01;34mdoc[0m      [01;34mlog[0m     [01;34mspec[0m    user_spec.rb
Guardfile     [01;34mapp[0m          config.ru      install  [01;34mpublic[0m  [01;34mtest[0m    [01;34mvendor[0m
[m]0;dev@manish:~/rails_project/sample_app\[01;31mdev [01;37mmanish[01;34m sample_app >[00m rails c
Loading development environment (Rails 3.2.11)
irb(main):001:0> user    User.first
  [1m[36m (2.8ms)[0m  [1mSELECT * FROM geometry_columns WHERE f_table_name='users'[0m
  [1m[35mUser Load (0.2ms)[0m  SELECT "users".* FROM "users" LIMIT 1
=> #<User id: 1, name: "manish untwal", email: "manishuntwal6@gmail.com", created_at: "2013-07-25 06:39:11", updated_at: "2013-07-25 06:39:11", password_digest: "$2a$10$CUAh8olbYRrROusoz2/jJ.GPtTSrueygBZvJTQmWbNuk...">
irb(main):002:0> User.first[1@u[1@ [1@=[1@ 
  [1m[36mUser Load (0.3ms)[0m  [1mSELECT "users".* FROM "users" LIMIT 1[0m
=> #<User id: 1, name: "manish untwal", email: "manishuntwal6@gmail.com", created_at: "2013-07-25 06:39:11", updated_at: "2013-07-25 06:39:11", password_digest: "$2a$10$CUAh8olbYRrROusoz2/jJ.GPtTSrueygBZvJTQmWbNuk...">
irb(main):003:0> u.authenticate()m)a)[1P)[1P)r)a)j)k)u)m)a)r)
NameError: undefined local variable or method `rajkumar' for main:Object
	from (irb):3
	from /usr/local/rvm/gems/ruby-1.9.3-p327/gems/railties-3.2.11/lib/rails/commands/console.rb:47:in `start'
	from /usr/local/rvm/gems/ruby-1.9.3-p327/gems/railties-3.2.11/lib/rails/commands/console.rb:8:in `start'
	from /usr/local/rvm/gems/ruby-1.9.3-p327/gems/railties-3.2.11/lib/rails/commands.rb:41:in `<top (required)>'
	from script/rails:6:in `require'
	from script/rails:6:in `<main>'
irb(main):004:0> u.authenticate(rajkumar)[1@"rajkumar")
=> #<User id: 1, name: "manish untwal", email: "manishuntwal6@gmail.com", created_at: "2013-07-25 06:39:11", updated_at: "2013-07-25 06:39:11", password_digest: "$2a$10$CUAh8olbYRrROusoz2/jJ.GPtTSrueygBZvJTQmWbNuk...">
irb(main):005:0> u.authenticate("rajkumar")u.aut[1@r[1@a[1@i[1@l[1@s[1@ [1@g[1@e[1@n[1@e[1@r[1@a[1@t[1@e[1@ [1@m[1@i[1@g[1@r[1@a[1@t[1@i[1@o[1@n[1@ [1@a[1@d[1@d[1@_[1@r[1@e[1@m[1@e[1@m[1@b[1@e[1@r[1@_[1@t[1@o[1@k[1@e[1@n[1@_[1@t[1@o_henticate("rajkumar") Mrb(main):005:0> u.autrails generate migration add_remember_token_to_uhenticate("rajkumar"))Mrb(main):005:0> u.autrails generate migration add_remember_token_to_ushenticate("rajkumar")Mb(main):005:0> u.autrails generate migration add_remember_token_to_usehenticate("rajkumar")M(main):005:0> u.autrails generate migration add_remember_token_to_userhenticate("rajkuma[1@rMb(main):005:0> u.autrails generate migration add_remember_token_to_usershenticate("rajkum[1@aMb(main):005:0> u.autrails generate migration add_remember_token_to_users

NoMethodError: undefined method `add_remember_token_to_usershenticate' for main:Object
	from (irb):5
	from /usr/local/rvm/gems/ruby-1.9.3-p327/gems/railties-3.2.11/lib/rails/commands/console.rb:47:in `start'
	from /usr/local/rvm/gems/ruby-1.9.3-p327/gems/railties-3.2.11/lib/rails/commands/console.rb:8:in `start'
	from /usr/local/rvm/gems/ruby-1.9.3-p327/gems/railties-3.2.11/lib/rails/commands.rb:41:in `<top (required)>'
	from script/rails:6:in `require'
	from script/rails:6:in `<main>'
irb(main):006:0> exit
]0;dev@manish:~/rails_project/sample_app\[01;31mdev [01;37mmanish[01;34m sample_app >[00m rails c[K[K[K[K[K[K[Krails generate migration add_remember_token_to_users
[1m[37m      invoke[0m  active_record
Another migration is already named add_remember_token_to_users: /home/dev/rails_project/sample_app/db/migrate/20130725081908_add_remember_token_to_users.rb
]0;dev@manish:~/rails_project/sample_app\[01;31mdev [01;37mmanish[01;34m sample_app >[00m rake[K[K[K[Krem[K[K[Krem[K[K[Ku[Krailc[Ks c
Loading development environment (Rails 3.2.11)
irb(main):001:0> User
  [1m[36m (2.1ms)[0m  [1mSELECT * FROM geometry_columns WHERE f_table_name='users'[0m
=> User(id: integer, name: string, email: string, created_at: datetime, updated_at: datetime, password_digest: string)
irb(main):002:0> rake db:mo igrate
NameError: undefined local variable or method `migrate' for main:Object
	from (irb):2
	from /usr/local/rvm/gems/ruby-1.9.3-p327/gems/railties-3.2.11/lib/rails/commands/console.rb:47:in `start'
	from /usr/local/rvm/gems/ruby-1.9.3-p327/gems/railties-3.2.11/lib/rails/commands/console.rb:8:in `start'
	from /usr/local/rvm/gems/ruby-1.9.3-p327/gems/railties-3.2.11/lib/rails/commands.rb:41:in `<top (required)>'
	from script/rails:6:in `require'
	from script/rails:6:in `<main>'
irb(main):003:0> exit
]0;dev@manish:~/rails_project/sample_app\[01;31mdev [01;37mmanish[01;34m sample_app >[00m rake db:migrate
]0;dev@manish:~/rails_project/sample_app\[01;31mdev [01;37mmanish[01;34m sample_app >[00m ls
Gemfile       README.rdoc  authenticated  [0m[01;34mdb[0m       [01;34mlib[0m     [01;34mscript[0m  [01;34mtmp[0m
Gemfile.lock  Rakefile     [01;34mconfig[0m         [01;34mdoc[0m      [01;34mlog[0m     [01;34mspec[0m    user_spec.rb
Guardfile     [01;34mapp[0m          config.ru      install  [01;34mpublic[0m  [01;34mtest[0m    [01;34mvendor[0m
[m]0;dev@manish:~/rails_project/sample_app\[01;31mdev [01;37mmanish[01;34m sample_app >[00m bundle e[Kexre[K[Ke ra[K[K[Kx [K[Kc rake:[K db:ra[K[Kcon[K[K[Kmigrate
]0;dev@manish:~/rails_project/sample_app\[01;31mdev [01;37mmanish[01;34m sample_app >[00m rake db:migrate
]0;dev@manish:~/rails_project/sample_app\[01;31mdev [01;37mmanish[01;34m sample_app >[00m users ra[K[K[K[K[K[K[K[Krails s
=> Booting WEBrick
=> Rails 3.2.11 application starting in development on http://0.0.0.0:3000
=> Call with -d to detach
=> Ctrl-C to shutdown server
A server is already running. Check /home/dev/rails_project/sample_app/tmp/pids/server.pid.
Exiting
]0;dev@manish:~/rails_project/sample_app\[01;31mdev [01;37mmanish[01;34m sample_app >[00m rails c
Loading development environment (Rails 3.2.11)
irb(main):001:0> Users 
  [1m[36m (2.1ms)[0m  [1mSELECT * FROM geometry_columns WHERE f_table_name='users'[0m
=> User(id: integer, name: string, email: string, created_at: datetime, updated_at: datetime, password_digest: string)
irb(main):002:0> exit
]0;dev@manish:~/rails_project/sample_app\[01;31mdev [01;37mmanish[01;34m sample_app >[00m rails generate migration add_remember_token_to_users
[1m[37m      invoke[0m  active_record
[1m[32m      create[0m    db/migrate/20130725123417_add_remember_token_to_users.rb
]0;dev@manish:~/rails_project/sample_app\[01;31mdev [01;37mmanish[01;34m sample_app >[00m rak[K[K[Kbundle exec rake db:migrate
==  AddRememberTokenToUsers: migrating ========================================
-- add_column(:users, :remember_token, :string)
   -> 0.0005s
-- add_index(:users, :remember_token)
   -> 0.0266s
==  AddRememberTokenToUsers: migrated (0.0272s) ===============================

]0;dev@manish:~/rails_project/sample_app\[01;31mdev [01;37mmanish[01;34m sample_app >[00m git add .
]0;dev@manish:~/rails_project/sample_app\[01;31mdev [01;37mmanish[01;34m sample_app >[00m git m[Kcomment -m ""F"i"n"s"[1P"i"s"h" "S"i"[1P"[1P"s"i"g"n" "i"n"[C
git: 'comment' is not a git command. See 'git --help'.
]0;dev@manish:~/rails_project/sample_app\[01;31mdev [01;37mmanish[01;34m sample_app >[00m git comment -m "Finish sign in"[1P[1@i
git: 'commint' is not a git command. See 'git --help'.

Did you mean this?
	commit
]0;dev@manish:~/rails_project/sample_app\[01;31mdev [01;37mmanish[01;34m sample_app >[00m git commint -m "Finish sign in"[1P
[sign-in-out dcc6663] Finish sign in
 Committer: dev <dev@manish.(none)>
Your name and email address were configured automatically based
on your username and hostname. Please check that they are accurate.
You can suppress this message by setting them explicitly:

    git config --global user.name "Your Name"
    git config --global user.email you@example.com

If the identity used for this commit is wrong, you can fix it with:

    git commit --amend --author='Your Name <you@example.com>'

 20 files changed, 311 insertions(+), 7 deletions(-)
 create mode 100644 app/assets/javascripts/sessions.js.coffee
 create mode 100644 app/assets/stylesheets/sessions.css.scss
 create mode 100644 app/controllers/sessions_controller.rb
 create mode 100644 app/helpers/sessions_helper.rb
 create mode 100644 app/views/sessions/new.html.erb
 create mode 100644 authenticated
 create mode 100644 db/migrate/20130725123417_add_remember_token_to_users.rb
 create mode 100644 install
 create mode 100644 spec/controllers/sessions_controller_spec.rb
 create mode 100644 spec/helpers/sessions_helper_spec.rb
 create mode 100644 spec/requests/authentication_pages_spec.rb
]0;dev@manish:~/rails_project/sample_app\[01;31mdev [01;37mmanish[01;34m sample_app >[00m